------------------------------------------------------------
Timing Analyzer Summary
------------------------------------------------------------

Type  : Slow 1200mV 85C Model Setup 'master_clock_gen|altpll_component|auto_generated|pll1|clk[0]'
Slack : -82.429
TNS   : -12781.956

Type  : Slow 1200mV 85C Model Hold 'master_clock_gen|altpll_component|auto_generated|pll1|clk[0]'
Slack : 0.277
TNS   : 0.000

Type  : Slow 1200mV 85C Model Recovery 'master_clock_gen|altpll_component|auto_generated|pll1|clk[0]'
Slack : 3.929
TNS   : 0.000

Type  : Slow 1200mV 85C Model Removal 'master_clock_gen|altpll_component|auto_generated|pll1|clk[0]'
Slack : 4.379
TNS   : 0.000

Type  : Slow 1200mV 85C Model Minimum Pulse Width 'master_clock_gen|altpll_component|auto_generated|pll1|clk[0]'
Slack : 4.570
TNS   : 0.000

Type  : Slow 1200mV 85C Model Minimum Pulse Width 'MAX10_CLK1_50'
Slack : 9.822
TNS   : 0.000

Type  : Slow 1200mV 0C Model Setup 'master_clock_gen|altpll_component|auto_generated|pll1|clk[0]'
Slack : -74.362
TNS   : -11071.422

Type  : Slow 1200mV 0C Model Hold 'master_clock_gen|altpll_component|auto_generated|pll1|clk[0]'
Slack : 0.210
TNS   : 0.000

Type  : Slow 1200mV 0C Model Recovery 'master_clock_gen|altpll_component|auto_generated|pll1|clk[0]'
Slack : 4.389
TNS   : 0.000

Type  : Slow 1200mV 0C Model Removal 'master_clock_gen|altpll_component|auto_generated|pll1|clk[0]'
Slack : 3.983
TNS   : 0.000

Type  : Slow 1200mV 0C Model Minimum Pulse Width 'master_clock_gen|altpll_component|auto_generated|pll1|clk[0]'
Slack : 4.589
TNS   : 0.000

Type  : Slow 1200mV 0C Model Minimum Pulse Width 'MAX10_CLK1_50'
Slack : 9.831
TNS   : 0.000

Type  : Fast 1200mV 0C Model Setup 'master_clock_gen|altpll_component|auto_generated|pll1|clk[0]'
Slack : -27.880
TNS   : -3722.235

Type  : Fast 1200mV 0C Model Hold 'master_clock_gen|altpll_component|auto_generated|pll1|clk[0]'
Slack : 0.134
TNS   : 0.000

Type  : Fast 1200mV 0C Model Recovery 'master_clock_gen|altpll_component|auto_generated|pll1|clk[0]'
Slack : 6.946
TNS   : 0.000

Type  : Fast 1200mV 0C Model Removal 'master_clock_gen|altpll_component|auto_generated|pll1|clk[0]'
Slack : 2.111
TNS   : 0.000

Type  : Fast 1200mV 0C Model Minimum Pulse Width 'master_clock_gen|altpll_component|auto_generated|pll1|clk[0]'
Slack : 4.712
TNS   : 0.000

Type  : Fast 1200mV 0C Model Minimum Pulse Width 'MAX10_CLK1_50'
Slack : 9.530
TNS   : 0.000

------------------------------------------------------------
